// Jest Snapshot v1, https://goo.gl/fbAQLP

exports[`Navbar renders correctly 1`] = `
.c0 {
  background-color: #ffffff;
  width: 100%;
}

.c7 {
  display: none;
}

.c8 {
  height: 48px;
  display: -webkit-box;
  display: -webkit-flex;
  display: -ms-flexbox;
  display: flex;
  -webkit-align-items: center;
  -webkit-box-align: center;
  -ms-flex-align: center;
  align-items: center;
  color: #8c8c8c;
  -webkit-text-decoration: none;
  text-decoration: none;
  text-transform: uppercase;
  cursor: pointer;
  font-size: 14px;
  padding-left: 60px;
  padding-right: 20px;
}

.c6 .c8 {
  padding-left: 76px;
}

.c8:hover,
.c8.nav-item-active {
  color: #4718b4;
  background-color: #f6f3fb;
}

.c1 {
  position: relative;
  padding-bottom: 24px;
  margin-bottom: 24px;
}

.c1:after {
  position: absolute;
  content: '';
  display: block;
  width: 32px;
  height: 3px;
  border-radius: 1.5px;
  background-color: #ffca00;
  bottom: 0;
  left: 60px;
}

.c2 {
  height: 48px;
  display: -webkit-box;
  display: -webkit-flex;
  display: -ms-flexbox;
  display: flex;
  -webkit-align-items: center;
  -webkit-box-align: center;
  -ms-flex-align: center;
  align-items: center;
  color: #8c8c8c;
  -webkit-text-decoration: none;
  text-decoration: none;
  text-transform: uppercase;
  cursor: pointer;
  font-size: 14px;
  padding-left: 60px;
  padding-right: 20px;
}

.c6 .c2 {
  padding-left: 76px;
}

.c2:hover,
.c2.nav-item-active {
  color: #4718b4;
  background-color: #f6f3fb;
}

.c5 {
  fill: #bfbfbf;
}

.c3 {
  display: -webkit-box;
  display: -webkit-flex;
  display: -ms-flexbox;
  display: flex;
  -webkit-align-items: center;
  -webkit-box-align: center;
  -ms-flex-align: center;
  align-items: center;
  -webkit-box-pack: center;
  -webkit-justify-content: center;
  -ms-flex-pack: center;
  justify-content: center;
  margin-left: 4px;
  width: 24px;
  height: 24px;
}

.c4 {
  -webkit-transform: rotate(0);
  -ms-transform: rotate(0);
  transform: rotate(0);
  -webkit-transition: -webkit-transform 0.2s linear;
  -webkit-transition: transform 0.2s linear;
  transition: transform 0.2s linear;
  will-change: transform;
}

<div
  className="c0"
>
  <div
    className="c1"
  >
    <div
      className="c2"
      onClick={[Function]}
    >
      Dashboard
      <div
        className="c3"
      >
        <svg
          className="c4 c5"
          color="#bfbfbf"
          height="24"
          viewBox="0 0 24 24"
          width="24"
        >
          <path
            d="M16.59 8.59L12 13.17 7.41 8.59 6 10l6 6 6-6z"
          />
        </svg>
      </div>
    </div>
    <div
      className="c6 c7"
    >
      <a
        className="c8"
        href="/login"
        onClick={[Function]}
        to="/login"
      >
        login
      </a>
      <a
        aria-current={null}
        className="c8"
        href="/forgot"
        onClick={[Function]}
      >
        forgot
      </a>
    </div>
  </div>
  <a
    aria-current={null}
    className="c8"
    href="/singup"
    onClick={[Function]}
  >
    signup
  </a>
</div>
`;
