// Jest Snapshot v1, https://goo.gl/fbAQLP

exports[`<Box> renders Box 1`] = `
.c0 {
  box-sizing: border-box;
}

<div
  class="c0"
>
  Test Text
</div>
`;
