// Jest Snapshot v1, https://goo.gl/fbAQLP

exports[`<SelectNoOptions renders correctly 1`] = `
.c0 {
  width: 100%;
  color: #bfbfbf;
  text-align: center;
}

<div
  className="c0"
/>
`;
