// Jest Snapshot v1, https://goo.gl/fbAQLP

exports[`<SelectOptions renders correctly 1`] = `
.c0 {
  max-height: 244px;
  padding: 8px 0;
  margin-top: -8px;
  overflow: auto;
  box-shadow: 0 0 15px 0 rgba(0,0,0,0.2);
  background-color: #ffffff;
}

<div
  className="c0"
/>
`;
